// Jest Snapshot v1, https://goo.gl/fbAQLP

exports[`check edit expense page render 1`] = `
<div>
  <h3>
    Edit expense
  </h3>
  <ExpenseForm
    expense={
      Object {
        "amount": 120,
        "createdAt": 0,
        "description": "Gum",
        "id": "1",
        "note": "",
      }
    }
    onSubmit={[Function]}
  />
  <button
    onClick={[Function]}
  >
    remove
  </button>
</div>
`;
